Traceback (most recent call last):
  File "C:\phoenix-sdr-dsp\phoenix_sdr_dsp\pqc\dr2d_mlkem512_kpke_keygen_graph.py", line 192, in run_mlkem512_kpke_keygen
    _program()(
    ~~~~~~~~~~^
        d_t,
        ^^^^
    ...<6 lines>...
        element_type=np.uint8,
        ^^^^^^^^^^^^^^^^^^^^^^
    )
    ^
  File "C:\phoenix-sdr-dsp\third_party\mlir-aie\ironenv\Lib\site-packages\mlir_aie\python\aie\utils\callabledesign.py", line 358, in __call__
    kernel = self._compile_and_build_kernel(compilable, cache_key, trace_config)
  File "C:\phoenix-sdr-dsp\third_party\mlir-aie\ironenv\Lib\site-packages\mlir_aie\python\aie\utils\callabledesign.py", line 210, in _compile_and_build_kernel
    xclbin_path, inst_path = compilable.compile()
                             ~~~~~~~~~~~~~~~~~~^^
  File "C:\phoenix-sdr-dsp\third_party\mlir-aie\ironenv\Lib\site-packages\mlir_aie\python\aie\utils\compile\jit\compilabledesign.py", line 394, in compile
    compile_external_kernel(func, kernel_dir, target_arch)
    ~~~~~~~~~~~~~~~~~~~~~~~^^^^^^^^^^^^^^^^^^^^^^^^^^^^^^^
  File "C:\phoenix-sdr-dsp\third_party\mlir-aie\ironenv\Lib\site-packages\mlir_aie\python\aie\utils\compile\utils.py", line 633, in compile_external_kernel
    compile_cxx_core_function(
    ~~~~~~~~~~~~~~~~~~~~~~~~~^
        source_path=source_file,
        ^^^^^^^^^^^^^^^^^^^^^^^^
    ...<9 lines>...
        use_chess=getattr(func, "_use_chess", False),
        ^^^^^^^^^^^^^^^^^^^^^^^^^^^^^^^^^^^^^^^^^^^^^
    )
    ^
  File "C:\phoenix-sdr-dsp\third_party\mlir-aie\ironenv\Lib\site-packages\mlir_aie\python\aie\utils\compile\utils.py", line 354, in compile_cxx_core_function
    raise RuntimeError(f"[{tool}] compilation failed:\n{ret.stderr.decode()}")
RuntimeError: [Peano] compilation failed:
fatal error: error in backend: unable to legalize instruction: %426:_(s7) = G_BITREVERSE %425:_ (in function: _ZN12_GLOBAL__N_18cbd3_nttEPKhhPj)

PLEASE submit a bug report to https://github.com/llvm/llvm-project/issues/ and include the crash backtrace, preprocessed source, and associated run script.

Stack dump:

0.	Program arguments: C:\\phoenix-sdr-dsp\\third_party\\mlir-aie\\ironenv\\Lib\\site-packages\\llvm-aie\\bin\\clang++.exe C:\\Users\\midhat\\.npu\\cache\\3235a9410d5c9463dbf76f5d\\dr2d_kpke_keygen_derive.cc -c -o C:\\Users\\midhat\\.npu\\cache\\3235a9410d5c9463dbf76f5d\\dr2d_kpke_keygen_derive.o -IC:\\phoenix-sdr-dsp\\third_party\\mlir-aie\\ironenv\\Lib\\site-packages\\mlir_aie\\include -std=c++20 -Wno-parentheses -Wno-attributes -Wno-macro-redefined -Wno-empty-body -O2 -DNDEBUG -MD -MF C:\\Users\\midhat\\.npu\\cache\\3235a9410d5c9463dbf76f5d\\dr2d_kpke_keygen_derive.o.d -D__AIE_API_AIE_ADF_HPP__ --target=aie2-none-unknown-elf -I C:\\phoenix-sdr-dsp\\third_party\\mlir-aie\\ironenv\\Lib\\site-packages\\mlir_aie\\include -I C:\\phoenix-sdr-dsp\\phoenix_sdr_dsp\\pqc\\kernels

1.	<eof> parser at end of file

2.	Code generation

3.	Running pass 'Function Pass Manager' on module 'C:\Users\midhat\.npu\cache\3235a9410d5c9463dbf76f5d\dr2d_kpke_keygen_derive.cc'.

4.	Running pass 'Legalizer' on function '@_ZN12_GLOBAL__N_18cbd3_nttEPKhhPj'

Exception Code: 0xE0000046

 #0 0x00007ffb8846187a (C:\WINDOWS\System32\KERNELBASE.dll+0xc187a)

 #1 0x00007ff75b5bd77a (C:\phoenix-sdr-dsp\third_party\mlir-aie\ironenv\Lib\site-packages\llvm-aie\bin\clang++.exe+0x149d77a)

 #2 0x00007ff75b5bda63 (C:\phoenix-sdr-dsp\third_party\mlir-aie\ironenv\Lib\site-packages\llvm-aie\bin\clang++.exe+0x149da63)

 #3 0x00007ff75a2443d5 (C:\phoenix-sdr-dsp\third_party\mlir-aie\ironenv\Lib\site-packages\llvm-aie\bin\clang++.exe+0x1243d5)

 #4 0x00007ff75b5c4a64 (C:\phoenix-sdr-dsp\third_party\mlir-aie\ironenv\Lib\site-packages\llvm-aie\bin\clang++.exe+0x14a4a64)

 #5 0x00007ff75c5f31ec (C:\phoenix-sdr-dsp\third_party\mlir-aie\ironenv\Lib\site-packages\llvm-aie\bin\clang++.exe+0x24d31ec)

 #6 0x00007ff75c5f34ea (C:\phoenix-sdr-dsp\third_party\mlir-aie\ironenv\Lib\site-packages\llvm-aie\bin\clang++.exe+0x24d34ea)

 #7 0x00007ff75c5d8034 (C:\phoenix-sdr-dsp\third_party\mlir-aie\ironenv\Lib\site-packages\llvm-aie\bin\clang++.exe+0x24b8034)

 #8 0x00007ff75ac99884 (C:\phoenix-sdr-dsp\third_party\mlir-aie\ironenv\Lib\site-packages\llvm-aie\bin\clang++.exe+0xb79884)

 #9 0x00007ff75b0860ca (C:\phoenix-sdr-dsp\third_party\mlir-aie\ironenv\Lib\site-packages\llvm-aie\bin\clang++.exe+0xf660ca)

#10 0x00007ff75b08631c (C:\phoenix-sdr-dsp\third_party\mlir-aie\ironenv\Lib\site-packages\llvm-aie\bin\clang++.exe+0xf6631c)

#11 0x00007ff75b0865eb (C:\phoenix-sdr-dsp\third_party\mlir-aie\ironenv\Lib\site-packages\llvm-aie\bin\clang++.exe+0xf665eb)

#12 0x00007ff75b085db7 (C:\phoenix-sdr-dsp\third_party\mlir-aie\ironenv\Lib\site-packages\llvm-aie\bin\clang++.exe+0xf65db7)

#13 0x00007ff75b8e4f19 (C:\phoenix-sdr-dsp\third_party\mlir-aie\ironenv\Lib\site-packages\llvm-aie\bin\clang++.exe+0x17c4f19)

#14 0x00007ff75b8e8b79 (C:\phoenix-sdr-dsp\third_party\mlir-aie\ironenv\Lib\site-packages\llvm-aie\bin\clang++.exe+0x17c8b79)

#15 0x00007ff75b8e92dd (C:\phoenix-sdr-dsp\third_party\mlir-aie\ironenv\Lib\site-packages\llvm-aie\bin\clang++.exe+0x17c92dd)

#16 0x00007ff75c0cf347 (C:\phoenix-sdr-dsp\third_party\mlir-aie\ironenv\Lib\site-packages\llvm-aie\bin\clang++.exe+0x1faf347)

#17 0x00007ff75cf1b445 (C:\phoenix-sdr-dsp\third_party\mlir-aie\ironenv\Lib\site-packages\llvm-aie\bin\clang++.exe+0x2dfb445)

#18 0x00007ff75c32d6a4 (C:\phoenix-sdr-dsp\third_party\mlir-aie\ironenv\Lib\site-packages\llvm-aie\bin\clang++.exe+0x220d6a4)

#19 0x00007ff75c0cdf16 (C:\phoenix-sdr-dsp\third_party\mlir-aie\ironenv\Lib\site-packages\llvm-aie\bin\clang++.exe+0x1fadf16)

#20 0x00007ff75c32d4a5 (C:\phoenix-sdr-dsp\third_party\mlir-aie\ironenv\Lib\site-packages\llvm-aie\bin\clang++.exe+0x220d4a5)

#21 0x00007ff75c3153da (C:\phoenix-sdr-dsp\third_party\mlir-aie\ironenv\Lib\site-packages\llvm-aie\bin\clang++.exe+0x21f53da)

#22 0x00007ff75c3d5f2c (C:\phoenix-sdr-dsp\third_party\mlir-aie\ironenv\Lib\site-packages\llvm-aie\bin\clang++.exe+0x22b5f2c)

#23 0x00007ff75a246081 (C:\phoenix-sdr-dsp\third_party\mlir-aie\ironenv\Lib\site-packages\llvm-aie\bin\clang++.exe+0x126081)

#24 0x00007ff75a23ff2c (C:\phoenix-sdr-dsp\third_party\mlir-aie\ironenv\Lib\site-packages\llvm-aie\bin\clang++.exe+0x11ff2c)

#25 0x00007ff75c1ffec1 (C:\phoenix-sdr-dsp\third_party\mlir-aie\ironenv\Lib\site-packages\llvm-aie\bin\clang++.exe+0x20dfec1)

#26 0x00007ff75b5bd849 (C:\phoenix-sdr-dsp\third_party\mlir-aie\ironenv\Lib\site-packages\llvm-aie\bin\clang++.exe+0x149d849)

#27 0x00007ff75c200697 (C:\phoenix-sdr-dsp\third_party\mlir-aie\ironenv\Lib\site-packages\llvm-aie\bin\clang++.exe+0x20e0697)

#28 0x00007ff75c141b21 (C:\phoenix-sdr-dsp\third_party\mlir-aie\ironenv\Lib\site-packages\llvm-aie\bin\clang++.exe+0x2021b21)

#29 0x00007ff75c141ce0 (C:\phoenix-sdr-dsp\third_party\mlir-aie\ironenv\Lib\site-packages\llvm-aie\bin\clang++.exe+0x2021ce0)

#30 0x00007ff75c1235c6 (C:\phoenix-sdr-dsp\third_party\mlir-aie\ironenv\Lib\site-packages\llvm-aie\bin\clang++.exe+0x20035c6)

#31 0x00007ff75a2421c4 (C:\phoenix-sdr-dsp\third_party\mlir-aie\ironenv\Lib\site-packages\llvm-aie\bin\clang++.exe+0x1221c4)

#32 0x00007ff75a24fcf4 (C:\phoenix-sdr-dsp\third_party\mlir-aie\ironenv\Lib\site-packages\llvm-aie\bin\clang++.exe+0x12fcf4)

#33 0x00007ff75e3d6ad4 (C:\phoenix-sdr-dsp\third_party\mlir-aie\ironenv\Lib\site-packages\llvm-aie\bin\clang++.exe+0x42b6ad4)

#34 0x00007ffb8a03ccb7 (C:\WINDOWS\System32\KERNEL32.DLL+0x2ccb7)

#35 0x00007ffb8b0aad6c (C:\WINDOWS\SYSTEM32\ntdll.dll+0xaad6c)

clang++: error: clang frontend command failed with exit code 70 (use -v to see invocation)

clang version 21.0.0 (https://github.com/Xilinx/llvm-aie c9c5ecb725fc8c765e4b687356e6ec1e54da7a0e)

Target: aie2-none-unknown-elf

Thread model: posix

InstalledDir: C:\phoenix-sdr-dsp\third_party\mlir-aie\ironenv\Lib\site-packages\llvm-aie\bin

Build config: +assertions

clang++: note: diagnostic msg: 

********************



PLEASE ATTACH THE FOLLOWING FILES TO THE BUG REPORT:

Preprocessed source(s) and associated run script(s) are located at:

clang++: note: diagnostic msg: C:\Users\midhat\AppData\Local\Temp\dr2d_kpke_keygen_derive-c608d6.cpp

clang++: note: diagnostic msg: C:\Users\midhat\AppData\Local\Temp\dr2d_kpke_keygen_derive-c608d6.sh

clang++: note: diagnostic msg: 



********************



The above exception was the direct cause of the following exception:

Traceback (most recent call last):
  File "<string>", line 1, in <module>
    from tests.pqc_device_resident.test_dr2d_mlkem512_kpke_keygen import PRE_SILICON_CORPUS; from phoenix_sdr_dsp.pqc import dr2d_mlkem512_kpke_keygen_graph as g; c=PRE_SILICON_CORPUS[0]; g.run_mlkem512_kpke_keygen(c.d, c.request_id)
                                                                                                                                                                                            ~~~~~~~~~~~~~~~~~~~~~~~~~~^^^^^^^^^^^^^^^^^^^
  File "C:\phoenix-sdr-dsp\phoenix_sdr_dsp\pqc\dr2d_mlkem512_kpke_keygen_graph.py", line 204, in run_mlkem512_kpke_keygen
    raise NativeBackendUnavailable(
        "DR2d native MLIR-AIE dispatch failed; no K-PKE.KeyGen fallback ran."
    ) from exc
phoenix_sdr_dsp.pqc.dr2d_mlkem512_kpke_keygen_graph.NativeBackendUnavailable: DR2d native MLIR-AIE dispatch failed; no K-PKE.KeyGen fallback ran.
