CANONICAL_RUNNER_SHA256=742591321AC5DC3069A51DED4E198905367F8DC6261DF8C3EBAE20B5E333FBAD
========================================================================
PQC DR2d - complete ML-KEM-512 K-PKE.KeyGen closure
Backend: dr2d-mlkem512-kpke-keygen:silicon
  acvp-tcId-01                     FAIL
  acvp-tcId-02                     FAIL
  acvp-tcId-03                     FAIL
  acvp-tcId-04                     FAIL
  acvp-tcId-05                     FAIL
  acvp-tcId-06                     FAIL
  acvp-tcId-07                     FAIL
  acvp-tcId-08                     FAIL
  acvp-tcId-09                     FAIL
  acvp-tcId-10                     FAIL
  acvp-tcId-11                     FAIL
  acvp-tcId-12                     FAIL
  acvp-tcId-13                     FAIL
  acvp-tcId-14                     FAIL
  acvp-tcId-15                     FAIL
  acvp-tcId-16                     FAIL
  acvp-tcId-17                     FAIL
  acvp-tcId-18                     FAIL
  acvp-tcId-19                     FAIL
  acvp-tcId-20                     FAIL
  acvp-tcId-21                     FAIL
  acvp-tcId-22                     FAIL
  acvp-tcId-23                     FAIL
  acvp-tcId-24                     FAIL
  acvp-tcId-25                     FAIL
------------------------------------------------------------------------
TOTAL 0/25 FAIL
========================================================================
DR2D FIRST NATIVE EXIT CODE: 1
