Traceback (most recent call last):
  File "C:\phoenix-sdr-dsp\phoenix_sdr_dsp\pqc\dr2d_mlkem512_kpke_keygen_graph.py", line 192, in run_mlkem512_kpke_keygen
    _program()(
    ~~~~~~~~~~^
        d_t,
        ^^^^
    ...<6 lines>...
        element_type=np.uint8,
        ^^^^^^^^^^^^^^^^^^^^^^
    )
    ^
  File "C:\phoenix-sdr-dsp\third_party\mlir-aie\ironenv\Lib\site-packages\mlir_aie\python\aie\utils\callabledesign.py", line 358, in __call__
    kernel = self._compile_and_build_kernel(compilable, cache_key, trace_config)
  File "C:\phoenix-sdr-dsp\third_party\mlir-aie\ironenv\Lib\site-packages\mlir_aie\python\aie\utils\callabledesign.py", line 210, in _compile_and_build_kernel
    xclbin_path, inst_path = compilable.compile()
                             ~~~~~~~~~~~~~~~~~~^^
  File "C:\phoenix-sdr-dsp\third_party\mlir-aie\ironenv\Lib\site-packages\mlir_aie\python\aie\utils\compile\jit\compilabledesign.py", line 396, in compile
    compile_mlir_module(
    ~~~~~~~~~~~~~~~~~~~^
        mlir_module=mlir_module,
        ^^^^^^^^^^^^^^^^^^^^^^^^
    ...<7 lines>...
        fold_ddr_addr_offset=fold_ddr_addr_offset,
        ^^^^^^^^^^^^^^^^^^^^^^^^^^^^^^^^^^^^^^^^^^
    )
    ^
  File "C:\phoenix-sdr-dsp\third_party\mlir-aie\ironenv\Lib\site-packages\mlir_aie\python\aie\utils\compile\utils.py", line 534, in compile_mlir_module
    _run_aiecc(mlir_file, args)
    ~~~~~~~~~~^^^^^^^^^^^^^^^^^
  File "C:\phoenix-sdr-dsp\third_party\mlir-aie\ironenv\Lib\site-packages\mlir_aie\python\aie\utils\compile\utils.py", line 409, in _run_aiecc
    raise RuntimeError(
    ...<2 lines>...
    )
RuntimeError: [aiecc] Compilation failed with exit code 1:

(0/37) input.mlir
(1/37)           
(1/37) [0/1] placed.mlir
(2/37)                  
(2/37) [0/1] traced.mlir
(3/37)                  
(3/37) [0/1] input_with_addresses.mlir
(4/37)                                
(4/37) [0/1] input_physical.mlir
(5/37)                          
(5/37) perCore_{0}.mlir
(6/37)                 
(6/37) [0/1] npu_materialized.mlir
(7/37)                            
(7/37) perCoreInDevice
(8/37)                
(8/37) [0/1] npu_dma_lowered.mlir
(9/37)                           
(9/37) perCoreCompile
(10/37)              
(10/37) preBakedCores
(12/37)              
(12/37) [0/1] npu_lowered.mlir
(13/37)                       
(13/37) [0/2] perCoreArches_{0}.txt
(13/37)                            
(13/37) [1/2] perCoreArches_{0}.txt
(14/37)                            
(14/37) [0/2] lowered_{0}.mlir
(14/37)                       
(14/37) [1/2] lowered_{0}.mlir
(15/37)                       
(15/37) [0/2] perCoreIRLinkFiles_{0}.txt
(15/37)                                 
(15/37) [1/2] perCoreIRLinkFiles_{0}.txt
(16/37)                                 
(16/37) [0/2] ldScripts_{0}.ld.script
(16/37)                              
(16/37) [1/2] ldScripts_{0}.ld.script
(17/37)                              
(17/37) npu_seq_{0}.mlir
(18/37)                 
(18/37) [0/2] llvmIR_{0}.ll
(18/37)                    
(18/37) [1/2] llvmIR_{0}.ll
(19/37)                    
(19/37) perSeqMatching
(20/37)               
(20/37) [0/2] peano-compat_{0}.ll
(20/37)                          
(20/37) [1/2] peano-compat_{0}.ll
(20/37) [1/2] peano-compat_{0}.ll, [0/2] peano-linked_{0}.ll
(21/37) [0/2] peano-linked_{0}.ll                           
(21/37) [0/2] peano-linked_{0}.ll, [0/1] npu_program_{0}.bin
(21/37) [0/2] peano-linked_{0}.ll, [0/1] npu_program_{0}.bin
(21/37) [1/2] peano-linked_{0}.ll, [0/1] npu_program_{0}.bin
(21/37) [1/2] peano-linked_{0}.ll, [0/2] opted_{0}.ll, [0/1] npu_program_{0}.bin
(22/37) [0/2] opted_{0}.ll, [0/1] npu_program_{0}.bin                           
(22/37) [0/2] opted_{0}.ll, [0/1] npu_program_{0}.bin
(23/37) [0/2] opted_{0}.ll                           
(23/37) [0/2] opted_{0}.ll, [0/1] insts.bin
(24/37) [0/2] opted_{0}.ll                 
(24/37) [1/2] opted_{0}.ll
(24/37) [1/2] opted_{0}.ll, [0/2] objects_{0}.o
(25/37) [0/2] objects_{0}.o                    
(25/37) [0/2] objects_{0}.o
(25/37) [1/2] objects_{0}.o
(25/37) [1/2] objects_{0}.o, [0/2] elfs_{0}.elf
(26/37) [0/2] elfs_{0}.elf                     
(26/37) [0/2] elfs_{0}.elf
(26/37) [1/2] elfs_{0}.elf
(27/37)                   
(27/37) physical_with_elfs.mlir
(28/37)                        
(28/37) perDevice_{0}.mlir
(29/37)                   
(29/37) perDeviceMatching
(30/37)                  
(30/37) [0/1] cdo_{0}[AIE ERROR] _XAie_LoadProgMemSection():231: Overflow of program memory
XAie_LoadElf failed with XAIE_INVALID_ELF
aiecc: edge 'cdo_{0}' (key 'main') failed
aiecc: pipeline failed


The above exception was the direct cause of the following exception:

Traceback (most recent call last):
  File "<string>", line 1, in <module>
    from tests.pqc_device_resident.test_dr2d_mlkem512_kpke_keygen import PRE_SILICON_CORPUS, ACVP_EXPECTED; from phoenix_sdr_dsp.pqc import dr2d_mlkem512_kpke_keygen_graph as g; c=PRE_SILICON_CORPUS[0]; actual=g.run_mlkem512_kpke_keygen(c.d,c.request_id); expected=ACVP_EXPECTED[1]; print(g.BACKEND_LABEL); print('ACVP tcId 1 PASS' if actual==expected else 'ACVP tcId 1 FAIL'); raise SystemExit(0 if actual==expected else 1)
                                                                                                                                                                                                                  ~~~~~~~~~~~~~~~~~~~~~~~~~~^^^^^^^^^^^^^^^^^^
  File "C:\phoenix-sdr-dsp\phoenix_sdr_dsp\pqc\dr2d_mlkem512_kpke_keygen_graph.py", line 204, in run_mlkem512_kpke_keygen
    raise NativeBackendUnavailable(
        "DR2d native MLIR-AIE dispatch failed; no K-PKE.KeyGen fallback ran."
    ) from exc
phoenix_sdr_dsp.pqc.dr2d_mlkem512_kpke_keygen_graph.NativeBackendUnavailable: DR2d native MLIR-AIE dispatch failed; no K-PKE.KeyGen fallback ran.
