test_docs_require_compiler_size_evidence_and_name_static_state_linkage_risk (tests.test_pqc_dr1_contract.DR1DeviceResidencyContractTests.test_docs_require_compiler_size_evidence_and_name_static_state_linkage_risk) ... ok
test_exact_two_host_ingress_one_internal_and_one_terminal_fifo (tests.test_pqc_dr1_contract.DR1DeviceResidencyContractTests.test_exact_two_host_ingress_one_internal_and_one_terminal_fifo) ... ok
test_fixed_public_abi (tests.test_pqc_dr1_contract.DR1DeviceResidencyContractTests.test_fixed_public_abi) ... ok
test_host_validates_before_native_loading_and_never_uses_a_reference (tests.test_pqc_dr1_contract.DR1DeviceResidencyContractTests.test_host_validates_before_native_loading_and_never_uses_a_reference) ... ok
test_kernel_contracts_cover_incremental_shake_and_fixed_drain (tests.test_pqc_dr1_contract.DR1DeviceResidencyContractTests.test_kernel_contracts_cover_incremental_shake_and_fixed_drain) ... ok
test_one_kernel_call_is_looped_exactly_eight_times_per_worker (tests.test_pqc_dr1_contract.DR1DeviceResidencyContractTests.test_one_kernel_call_is_looped_exactly_eight_times_per_worker) ... ok
test_only_terminal_result_calls_to_cpu (tests.test_pqc_dr1_contract.DR1DeviceResidencyContractTests.test_only_terminal_result_calls_to_cpu) ... ok
test_physical_record_is_exact_and_canonical_runner_is_unchanged (tests.test_pqc_dr1_contract.DR1DeviceResidencyContractTests.test_physical_record_is_exact_and_canonical_runner_is_unchanged) ... ok
test_production_sources_have_no_test_tree_dependency (tests.test_pqc_dr1_contract.DR1DeviceResidencyContractTests.test_production_sources_have_no_test_tree_dependency) ... ok
test_runtime_has_two_fills_and_one_terminal_drain (tests.test_pqc_dr1_contract.DR1DeviceResidencyContractTests.test_runtime_has_two_fills_and_one_terminal_drain) ... ok
test_v3_keccak_lfsr_repair_contract_for_v2_lane_zero_mismatch (tests.test_pqc_dr1_contract.DR1DeviceResidencyContractTests.test_v3_keccak_lfsr_repair_contract_for_v2_lane_zero_mismatch) ... ok
test_descriptor_layout_is_exact (tests.pqc_device_resident.test_dr1_mldsa44_rejntt.DR1AbiTests.test_descriptor_layout_is_exact) ... ok
test_malformed_inputs_fail_before_iron_loading (tests.pqc_device_resident.test_dr1_mldsa44_rejntt.DR1AbiTests.test_malformed_inputs_fail_before_iron_loading) ... ok
test_success_result_requires_full_header_and_canonical_lanes (tests.pqc_device_resident.test_dr1_mldsa44_rejntt.DR1AbiTests.test_success_result_requires_full_header_and_canonical_lanes) ... ok
test_terminal_sentinel_and_error_results_fail_closed (tests.pqc_device_resident.test_dr1_mldsa44_rejntt.DR1AbiTests.test_terminal_sentinel_and_error_results_fail_closed) ... ok
test_bad_descriptor_still_drains_eight_error_tokens_and_returns_zero_payload (tests.pqc_device_resident.test_dr1_mldsa44_rejntt.DR1ProductionKernelHarnessTests.test_bad_descriptor_still_drains_eight_error_tokens_and_returns_zero_payload) ... ok
test_full_33_case_compiled_production_corpus_matches_hashlib_exactly (tests.pqc_device_resident.test_dr1_mldsa44_rejntt.DR1ProductionKernelHarnessTests.test_full_33_case_compiled_production_corpus_matches_hashlib_exactly) ... ok
test_new_request_id_resets_interrupted_host_harness_state (tests.pqc_device_resident.test_dr1_mldsa44_rejntt.DR1ProductionKernelHarnessTests.test_new_request_id_resets_interrupted_host_harness_state)
Exercise the defensive new-request boundary; production schedules eight calls. ... ok
test_repeated_requests_in_one_compiled_process_reset_producer_and_sampler_state (tests.pqc_device_resident.test_dr1_mldsa44_rejntt.DR1ProductionKernelHarnessTests.test_repeated_requests_in_one_compiled_process_reset_producer_and_sampler_state) ... ok
test_sampler_token_corruption_drains_all_eight_and_returns_bad_descriptor (tests.pqc_device_resident.test_dr1_mldsa44_rejntt.DR1ProductionKernelHarnessTests.test_sampler_token_corruption_drains_all_eight_and_returns_bad_descriptor) ... ok
test_success_freezes_first_256_accepts_but_consumes_all_eight_blocks (tests.pqc_device_resident.test_dr1_mldsa44_rejntt.DR1ProductionKernelHarnessTests.test_success_freezes_first_256_accepts_but_consumes_all_eight_blocks) ... ok
test_four_block_reference_specialization_is_an_explicit_limit_failure (tests.pqc_device_resident.test_dr1_mldsa44_rejntt.DR1ReferenceTests.test_four_block_reference_specialization_is_an_explicit_limit_failure) ... ok
test_frozen_test_only_fingerprints_cover_the_33_case_corpus (tests.pqc_device_resident.test_dr1_mldsa44_rejntt.DR1ReferenceTests.test_frozen_test_only_fingerprints_cover_the_33_case_corpus) ... ok
test_independent_reference_handles_all_mldsa44_coordinates_exactly (tests.pqc_device_resident.test_dr1_mldsa44_rejntt.DR1ReferenceTests.test_independent_reference_handles_all_mldsa44_coordinates_exactly) ... ok
test_native_gate_is_anchored_and_unavailable_is_not_a_pass (tests.test_pqc_device_residency_contract.DR0DeviceResidencyContractTests.test_native_gate_is_anchored_and_unavailable_is_not_a_pass) ... ok
test_only_terminal_c_is_transferred_to_host (tests.test_pqc_device_residency_contract.DR0DeviceResidencyContractTests.test_only_terminal_c_is_transferred_to_host) ... ok
test_production_arithmetic_contains_defined_m33a_stages (tests.test_pqc_device_residency_contract.DR0DeviceResidencyContractTests.test_production_arithmetic_contains_defined_m33a_stages) ... ok
test_production_kernel_has_no_test_tree_dependency (tests.test_pqc_device_residency_contract.DR0DeviceResidencyContractTests.test_production_kernel_has_no_test_tree_dependency) ... ok
test_production_zeta_table_is_complete_and_rederived (tests.test_pqc_device_residency_contract.DR0DeviceResidencyContractTests.test_production_zeta_table_is_complete_and_rederived) ... ok
test_public_abi_is_fixed_two_input_one_output (tests.test_pqc_device_residency_contract.DR0DeviceResidencyContractTests.test_public_abi_is_fixed_two_input_one_output) ... ok
test_run_path_has_no_reference_fallback_and_checks_terminal_sentinel (tests.test_pqc_device_residency_contract.DR0DeviceResidencyContractTests.test_run_path_has_no_reference_fallback_and_checks_terminal_sentinel) ... ok
test_runtime_sequence_has_only_two_fills_and_one_terminal_drain (tests.test_pqc_device_residency_contract.DR0DeviceResidencyContractTests.test_runtime_sequence_has_only_two_fills_and_one_terminal_drain) ... ok
test_source_declares_exactly_two_ingress_fifos_and_one_terminal_egress (tests.test_pqc_device_residency_contract.DR0DeviceResidencyContractTests.test_source_declares_exactly_two_ingress_fifos_and_one_terminal_egress) ... ok
test_directed_reference_vectors_have_expected_ring_behavior (tests.pqc_device_resident.test_m33_product_dr0.DR0ReferenceTests.test_directed_reference_vectors_have_expected_ring_behavior) ... ok
test_input_validation_is_complete_before_native_loading (tests.pqc_device_resident.test_m33_product_dr0.DR0ReferenceTests.test_input_validation_is_complete_before_native_loading) ... ok
test_reference_matches_an_independent_direct_formulation (tests.pqc_device_resident.test_m33_product_dr0.DR0ReferenceTests.test_reference_matches_an_independent_direct_formulation) ... ok
test_validation_rejects_bool_and_numpy_like_values (tests.pqc_device_resident.test_m33_product_dr0.DR0ReferenceTests.test_validation_rejects_bool_and_numpy_like_values) ... ok
test_bad_polynomial_lengths_are_rejected_before_any_device_work (tests.test_m33_native_runner_contract.NativeM33RunnerContractTests.test_bad_polynomial_lengths_are_rejected_before_any_device_work) ... ok
test_composer_gates_require_both_native_labels (tests.test_m33_native_runner_contract.NativeM33RunnerContractTests.test_composer_gates_require_both_native_labels) ... ok
test_empty_unused_m33a_operand_is_normalized_before_device_work (tests.test_m33_native_runner_contract.NativeM33RunnerContractTests.test_empty_unused_m33a_operand_is_normalized_before_device_work) ... ok
test_invalid_modes_are_rejected_before_any_device_work (tests.test_m33_native_runner_contract.NativeM33RunnerContractTests.test_invalid_modes_are_rejected_before_any_device_work) ... ok
test_kernel_packed_entrypoints_fit_two_input_dma_limit (tests.test_m33_native_runner_contract.NativeM33RunnerContractTests.test_kernel_packed_entrypoints_fit_two_input_dma_limit) ... ok
test_m33a_exports_primitive_and_composer_names (tests.test_m33_native_runner_contract.NativeM33RunnerContractTests.test_m33a_exports_primitive_and_composer_names) ... ok
test_m33b_exports_primitive_and_composer_names (tests.test_m33_native_runner_contract.NativeM33RunnerContractTests.test_m33b_exports_primitive_and_composer_names) ... ok
test_silicon_gates_do_not_return_the_reference_dispatcher (tests.test_m33_native_runner_contract.NativeM33RunnerContractTests.test_silicon_gates_do_not_return_the_reference_dispatcher) ... ok
test_hardware_rejects_reference_only_sentinel (tests.test_regression_validation.ValidationPolicyTests.test_hardware_rejects_reference_only_sentinel) ... ok
test_hardware_sentinel (tests.test_regression_validation.ValidationPolicyTests.test_hardware_sentinel) ... ok
test_m32e_rejects_skipped_silicon (tests.test_regression_validation.ValidationPolicyTests.test_m32e_rejects_skipped_silicon) ... ok
test_m32e_requires_all_silicon_groups (tests.test_regression_validation.ValidationPolicyTests.test_m32e_requires_all_silicon_groups) ... ok
test_m33_composer_rejects_backends_without_total (tests.test_regression_validation.ValidationPolicyTests.test_m33_composer_rejects_backends_without_total) ... ok
test_m33_composer_requires_both_silicon_backends (tests.test_regression_validation.ValidationPolicyTests.test_m33_composer_requires_both_silicon_backends) ... ok
test_m33_primitive_accepts_silicon_backend (tests.test_regression_validation.ValidationPolicyTests.test_m33_primitive_accepts_silicon_backend) ... ok
test_m33_primitive_rejects_backend_without_total (tests.test_regression_validation.ValidationPolicyTests.test_m33_primitive_rejects_backend_without_total) ... ok
test_m33_primitive_rejects_reference_backend (tests.test_regression_validation.ValidationPolicyTests.test_m33_primitive_rejects_reference_backend) ... ok
test_reference_policy (tests.test_regression_validation.ValidationPolicyTests.test_reference_policy) ... ok
test_reference_policy_rejects_generic_pass (tests.test_regression_validation.ValidationPolicyTests.test_reference_policy_rejects_generic_pass) ... ok
test_design_and_physical_record_preserve_scope_and_evidence (tests.test_pqc_dr2a_contract.DR2aDeviceResidencyContractTests.test_design_and_physical_record_preserve_scope_and_evidence) ... ok
test_fixed_public_abi_and_fips203_bound (tests.test_pqc_dr2a_contract.DR2aDeviceResidencyContractTests.test_fixed_public_abi_and_fips203_bound) ... ok
test_host_validation_precedes_native_loading_without_reference_fallback (tests.test_pqc_dr2a_contract.DR2aDeviceResidencyContractTests.test_host_validation_precedes_native_loading_without_reference_fallback) ... ok
test_kernel_contracts_cover_continuation_and_complete_or_empty_output (tests.test_pqc_dr2a_contract.DR2aDeviceResidencyContractTests.test_kernel_contracts_cover_continuation_and_complete_or_empty_output) ... ok
test_native_gate_is_anchored_and_canonical_runner_is_unchanged (tests.test_pqc_dr2a_contract.DR2aDeviceResidencyContractTests.test_native_gate_is_anchored_and_canonical_runner_is_unchanged) ... ok
test_only_terminal_result_is_transferred_to_host (tests.test_pqc_dr2a_contract.DR2aDeviceResidencyContractTests.test_only_terminal_result_is_transferred_to_host) ... ok
test_production_sources_have_no_test_dependency (tests.test_pqc_dr2a_contract.DR2aDeviceResidencyContractTests.test_production_sources_have_no_test_dependency) ... ok
test_runtime_has_two_fills_and_one_terminal_drain (tests.test_pqc_dr2a_contract.DR2aDeviceResidencyContractTests.test_runtime_has_two_fills_and_one_terminal_drain) ... ok
test_two_ingress_one_internal_and_one_terminal_fifo_only (tests.test_pqc_dr2a_contract.DR2aDeviceResidencyContractTests.test_two_ingress_one_internal_and_one_terminal_fifo_only) ... ok
test_workers_loop_exactly_five_times_and_terminal_acquire_wraps_loop (tests.test_pqc_dr2a_contract.DR2aDeviceResidencyContractTests.test_workers_loop_exactly_five_times_and_terminal_acquire_wraps_loop) ... ok
test_descriptor_layout_is_exact (tests.pqc_device_resident.test_dr2_mlkem512_samplentt.DR2aAbiTests.test_descriptor_layout_is_exact) ... ok
test_malformed_public_inputs_fail_before_iron_loading (tests.pqc_device_resident.test_dr2_mlkem512_samplentt.DR2aAbiTests.test_malformed_public_inputs_fail_before_iron_loading) ... ok
test_success_requires_complete_header_and_canonical_lanes (tests.pqc_device_resident.test_dr2_mlkem512_samplentt.DR2aAbiTests.test_success_requires_complete_header_and_canonical_lanes) ... ok
test_terminal_sentinel_and_errors_fail_closed (tests.pqc_device_resident.test_dr2_mlkem512_samplentt.DR2aAbiTests.test_terminal_sentinel_and_errors_fail_closed) ... ok
test_all_rejected_data_reaches_bounded_limit_error_with_zero_payload (tests.pqc_device_resident.test_dr2_mlkem512_samplentt.DR2aProductionKernelHarnessTests.test_all_rejected_data_reaches_bounded_limit_error_with_zero_payload) ... ok
test_corrupt_tokens_still_drain_all_five_and_fail_closed (tests.pqc_device_resident.test_dr2_mlkem512_samplentt.DR2aProductionKernelHarnessTests.test_corrupt_tokens_still_drain_all_five_and_fail_closed) ... ok
test_full_compiled_production_corpus_matches_hashlib_exactly (tests.pqc_device_resident.test_dr2_mlkem512_samplentt.DR2aProductionKernelHarnessTests.test_full_compiled_production_corpus_matches_hashlib_exactly) ... ok
test_repeated_requests_reset_producer_and_sampler_state (tests.pqc_device_resident.test_dr2_mlkem512_samplentt.DR2aProductionKernelHarnessTests.test_repeated_requests_reset_producer_and_sampler_state) ... ok
test_success_freezes_first_256_but_consumes_all_five_blocks (tests.pqc_device_resident.test_dr2_mlkem512_samplentt.DR2aProductionKernelHarnessTests.test_success_freezes_first_256_but_consumes_all_five_blocks) ... ok
test_five_blocks_mean_exactly_280_fips203_candidate_iterations (tests.pqc_device_resident.test_dr2_mlkem512_samplentt.DR2aReferenceTests.test_five_blocks_mean_exactly_280_fips203_candidate_iterations) ... ok
test_independent_reference_handles_all_mlkem512_coordinates (tests.pqc_device_resident.test_dr2_mlkem512_samplentt.DR2aReferenceTests.test_independent_reference_handles_all_mlkem512_coordinates) ... ok
test_shorter_reference_specialization_is_an_explicit_limit_failure (tests.pqc_device_resident.test_dr2_mlkem512_samplentt.DR2aReferenceTests.test_shorter_reference_specialization_is_an_explicit_limit_failure) ... ok

----------------------------------------------------------------------
Ran 78 tests in 1.934s

OK
